intrman_IMPORTS_start
I_CpuEnableIntr
I_EnableIntr
intrman_IMPORTS_end

libsd_IMPORTS_start
I_sceSdGetParam
I_sceSdNote2Pitch
I_sceSdSetAddr
I_sceSdSetParam
I_sceSdSetSwitch
I_sceSdVoiceTrans
I_sceSdVoiceTransStatus
libsd_IMPORTS_end

sifcmd_IMPORTS_start
I_sceSifInitRpc
I_sceSifRegisterRpc
I_sceSifRpcLoop
I_sceSifSetRpcQueue
sifcmd_IMPORTS_end

sifman_IMPORTS_start
I_sceSifCheckInit
I_sceSifInit
sifman_IMPORTS_end

stdio_IMPORTS_start
I_printf
stdio_IMPORTS_end

sysclib_IMPORTS_start
I_memcpy
sysclib_IMPORTS_end

thbase_IMPORTS_start
I_CreateThread
I_GetSystemTime
I_GetThreadId
I_SleepThread
I_StartThread
I_USec2SysClock
thbase_IMPORTS_end

timrman_IMPORTS_start
I_AllocHardTimer
I_SetTimerHandler
I_SetupHardTimer
I_StartHardTimer
timrman_IMPORTS_end
